// Jest Snapshot v1, https://goo.gl/fbAQLP

exports[`renders correctly 1`] = `
<View
  style={
    Array [
      Object {
        "backgroundColor": "#FFFFFF",
        "flexBasis": 0,
        "flexDirection": "column",
        "flexGrow": 1,
        "flexShrink": 1,
        "marginBottom": 8,
        "marginLeft": 8,
        "marginRight": 8,
        "marginTop": 8,
        "paddingBottom": 8,
        "paddingLeft": 8,
        "paddingRight": 8,
        "paddingTop": 8,
      },
      undefined,
    ]
  }
>
  <View
    style={
      Array [
        Object {
          "flexGrow": 1,
        },
        undefined,
      ]
    }
  />
  <View
    style={
      Array [
        Object {
          "display": "flex",
          "flexDirection": "row",
          "justifyContent": "flex-end",
          "marginTop": 8,
        },
        undefined,
      ]
    }
  >
    <TextInput
      onChangeText={[Function]}
      onSubmitEditing={[Function]}
      returnKeyType="send"
      style={
        Array [
          Object {
            "borderColor": "gray",
            "borderStyle": "solid",
            "borderWidth": 1,
            "flexGrow": 1,
            "height": 40,
          },
          undefined,
        ]
      }
      value=""
    />
    <View
      accessibilityComponentType="button"
      accessibilityLabel={undefined}
      accessibilityTraits={
        Array [
          "button",
        ]
      }
      accessible={true}
      collapsable={undefined}
      hitSlop={undefined}
      isTVSelectable={true}
      nativeID={undefined}
      onLayout={undefined}
      onResponderGrant={[Function]}
      onResponderMove={[Function]}
      onResponderRelease={[Function]}
      onResponderTerminate={[Function]}
      onResponderTerminationRequest={[Function]}
      onStartShouldSetResponder={[Function]}
      style={
        Object {
          "opacity": 1,
        }
      }
      testID={undefined}
      tvParallaxProperties={undefined}
    >
      <View
        style={
          Array [
            Object {},
          ]
        }
      >
        <Text
          accessible={true}
          allowFontScaling={true}
          disabled={false}
          ellipsizeMode="tail"
          style={
            Array [
              Object {
                "color": "#007AFF",
                "fontSize": 18,
                "padding": 8,
                "textAlign": "center",
              },
            ]
          }
        >
          Send
        </Text>
      </View>
    </View>
  </View>
</View>
`;
