// Jest Snapshot v1, https://goo.gl/fbAQLP

exports[`renders correctly 1`] = `
<View
  style={null}
>
  <Image
    onLoadEnd={[Function]}
    onLoadStart={[Function]}
  />
</View>
`;
