// Jest Snapshot v1, https://goo.gl/fbAQLP

exports[`renders correctly 1`] = `
<BVLinearGradient
  colors={
    Array [
      4284900966,
      4288256409,
    ]
  }
  end={
    Object {
      "x": 1,
      "y": 0.5,
    }
  }
  locations={null}
  start={
    Object {
      "x": 0,
      "y": 0.5,
    }
  }
  style={
    Array [
      Object {},
      undefined,
    ]
  }
/>
`;
