// Jest Snapshot v1, https://goo.gl/fbAQLP

exports[`renders correctly 1`] = `
<View
  loaded={
    Array [
      0,
    ]
  }
  onLayout={[Function]}
  style={
    Array [
      Object {
        "flex": 1,
        "overflow": "hidden",
      },
      Object {
        "flex": 1,
      },
    ]
  }
>
  <RCTScrollView
    DEPRECATED_sendUpdatedChildFrames={false}
    alwaysBounceHorizontal={false}
    alwaysBounceVertical={false}
    automaticallyAdjustContentInsets={false}
    bounces={false}
    contentContainerStyle={
      Object {
        "flexGrow": 1,
      }
    }
    contentOffset={
      Object {
        "x": 0,
        "y": 0,
      }
    }
    directionalLockEnabled={true}
    horizontal={true}
    keyboardDismissMode="on-drag"
    keyboardShouldPersistTaps="always"
    onContentSizeChange={null}
    onMomentumScrollBegin={[Function]}
    onMomentumScrollEnd={[Function]}
    onResponderGrant={[Function]}
    onResponderReject={[Function]}
    onResponderRelease={[Function]}
    onResponderTerminate={undefined}
    onResponderTerminationRequest={[Function]}
    onScroll={[Function]}
    onScrollBeginDrag={[Function]}
    onScrollEndDrag={[Function]}
    onScrollShouldSetResponder={[Function]}
    onStartShouldSetResponder={[Function]}
    onStartShouldSetResponderCapture={[Function]}
    onTouchEnd={[Function]}
    onTouchMove={[Function]}
    onTouchStart={[Function]}
    pagingEnabled={true}
    scrollEnabled={true}
    scrollEventThrottle={16}
    scrollsToTop={false}
    sendMomentumEvents={true}
    showsHorizontalScrollIndicator={false}
    style={
      Array [
        Object {
          "flexDirection": "row",
          "flexGrow": 1,
          "flexShrink": 1,
          "overflow": "scroll",
        },
        Object {
          "flexGrow": 1,
        },
      ]
    }
  >
    <RCTScrollContentView
      collapsable={false}
      removeClippedSubviews={undefined}
      style={
        Array [
          Object {
            "flexDirection": "row",
          },
          Object {
            "flexGrow": 1,
          },
        ]
      }
    >
      <View
        style={
          Object {
            "flex": 1,
            "overflow": "hidden",
          }
        }
        testID={undefined}
      >
        <View
          style={
            Object {
              "flex": 1,
              "overflow": "hidden",
            }
          }
        >
          <View
            style={
              Array [
                Object {
                  "backgroundColor": "#FFFFFF",
                  "flexBasis": 0,
                  "flexGrow": 1,
                  "flexShrink": 1,
                },
                undefined,
              ]
            }
          >
            <View
              style={
                Array [
                  Object {
                    "backgroundColor": "#FFFFFF",
                    "flexBasis": 0,
                    "flexDirection": "column",
                    "flexGrow": 1,
                    "flexShrink": 1,
                    "marginTop": 24,
                  },
                  undefined,
                ]
              }
            >
              <RCTScrollView
                DEPRECATED_sendUpdatedChildFrames={false}
                alwaysBounceHorizontal={undefined}
                alwaysBounceVertical={true}
                dataSource={
                  ListViewDataSource {
                    "items": 0,
                  }
                }
                enableEmptySections={true}
                onContentSizeChange={null}
                onMomentumScrollBegin={[Function]}
                onMomentumScrollEnd={[Function]}
                onResponderGrant={[Function]}
                onResponderReject={[Function]}
                onResponderRelease={[Function]}
                onResponderTerminate={undefined}
                onResponderTerminationRequest={[Function]}
                onScroll={[Function]}
                onScrollBeginDrag={[Function]}
                onScrollEndDrag={[Function]}
                onScrollShouldSetResponder={[Function]}
                onStartShouldSetResponder={[Function]}
                onStartShouldSetResponderCapture={[Function]}
                onTouchEnd={[Function]}
                onTouchMove={[Function]}
                onTouchStart={[Function]}
                pageSize={6}
                refreshControl={
                  <RefreshControlMock
                    onRefresh={[Function]}
                    refreshing={false}
                  />
                }
                renderRow={[Function]}
                renderScrollComponent={[Function]}
                renderSectionHeader={[Function]}
                renderSeparator={[Function]}
                scrollEventThrottle={undefined}
                sendMomentumEvents={false}
                style={
                  Array [
                    Object {
                      "flexDirection": "column",
                      "flexGrow": 1,
                      "flexShrink": 1,
                      "overflow": "scroll",
                    },
                    undefined,
                  ]
                }
              >
                <RCTRefreshControl />
                <RCTScrollContentView
                  collapsable={false}
                  removeClippedSubviews={undefined}
                  style={
                    Array [
                      undefined,
                      undefined,
                    ]
                  }
                />
              </RCTScrollView>
            </View>
          </View>
        </View>
      </View>
      <View
        style={null}
        testID={undefined}
      />
      <View
        style={null}
        testID={undefined}
      />
      <View
        style={null}
        testID={undefined}
      />
    </RCTScrollContentView>
  </RCTScrollView>
  <View
    collapsable={false}
  >
    <View
      collapsable={undefined}
      style={
        Object {
          "backgroundColor": "#f4f4f4",
          "borderTopColor": "rgba(0, 0, 0, .2)",
          "borderTopWidth": NaN,
          "flexDirection": "row",
          "height": 49,
        }
      }
    >
      <View
        accessibilityComponentType={undefined}
        accessibilityLabel={undefined}
        accessibilityTraits={undefined}
        accessible={true}
        collapsable={undefined}
        hitSlop={undefined}
        nativeID={undefined}
        onLayout={undefined}
        onResponderGrant={[Function]}
        onResponderMove={[Function]}
        onResponderRelease={[Function]}
        onResponderTerminate={[Function]}
        onResponderTerminationRequest={[Function]}
        onStartShouldSetResponder={[Function]}
        style={
          Object {
            "alignItems": "stretch",
            "backgroundColor": "rgba(0, 0, 0, 0)",
            "flex": 1,
            "justifyContent": "flex-end",
          }
        }
        testID={undefined}
      >
        <View
          style={
            Object {
              "flexGrow": 1,
            }
          }
        >
          <View
            collapsable={undefined}
            style={
              Object {
                "alignItems": "center",
                "bottom": 0,
                "justifyContent": "center",
                "left": 0,
                "opacity": 1,
                "position": "absolute",
                "right": 0,
                "top": 0,
              }
            }
          >
            <Text
              accessible={true}
              allowFontScaling={false}
              disabled={false}
              ellipsizeMode="tail"
              style={
                Array [
                  Object {
                    "color": "#e91e63",
                    "fontSize": 30,
                  },
                  undefined,
                  Object {
                    "fontFamily": "Ionicons",
                    "fontStyle": "normal",
                    "fontWeight": "normal",
                  },
                ]
              }
            >
              
            </Text>
          </View>
          <View
            collapsable={undefined}
            style={
              Object {
                "alignItems": "center",
                "bottom": 0,
                "justifyContent": "center",
                "left": 0,
                "opacity": 0,
                "position": "absolute",
                "right": 0,
                "top": 0,
              }
            }
          >
            <Text
              accessible={true}
              allowFontScaling={false}
              disabled={false}
              ellipsizeMode="tail"
              style={
                Array [
                  Object {
                    "color": "#929292",
                    "fontSize": 30,
                  },
                  undefined,
                  Object {
                    "fontFamily": "Ionicons",
                    "fontStyle": "normal",
                    "fontWeight": "normal",
                  },
                ]
              }
            >
              
            </Text>
          </View>
        </View>
        <Text
          accessible={true}
          allowFontScaling={true}
          collapsable={undefined}
          disabled={false}
          ellipsizeMode="tail"
          style={
            Object {
              "backgroundColor": "transparent",
              "color": "rgba(233, 30, 99, 1)",
              "fontSize": 10,
              "marginBottom": 1.5,
              "textAlign": "center",
            }
          }
        >
          Feed
        </Text>
      </View>
      <View
        accessibilityComponentType={undefined}
        accessibilityLabel={undefined}
        accessibilityTraits={undefined}
        accessible={true}
        collapsable={undefined}
        hitSlop={undefined}
        nativeID={undefined}
        onLayout={undefined}
        onResponderGrant={[Function]}
        onResponderMove={[Function]}
        onResponderRelease={[Function]}
        onResponderTerminate={[Function]}
        onResponderTerminationRequest={[Function]}
        onStartShouldSetResponder={[Function]}
        style={
          Object {
            "alignItems": "stretch",
            "backgroundColor": "rgba(0, 0, 0, 0)",
            "flex": 1,
            "justifyContent": "flex-end",
          }
        }
        testID={undefined}
      >
        <View
          style={
            Object {
              "flexGrow": 1,
            }
          }
        >
          <View
            collapsable={undefined}
            style={
              Object {
                "alignItems": "center",
                "bottom": 0,
                "justifyContent": "center",
                "left": 0,
                "opacity": 0,
                "position": "absolute",
                "right": 0,
                "top": 0,
              }
            }
          />
          <View
            collapsable={undefined}
            style={
              Object {
                "alignItems": "center",
                "bottom": 0,
                "justifyContent": "center",
                "left": 0,
                "opacity": 1,
                "position": "absolute",
                "right": 0,
                "top": 0,
              }
            }
          />
        </View>
        <Text
          accessible={true}
          allowFontScaling={true}
          collapsable={undefined}
          disabled={false}
          ellipsizeMode="tail"
          style={
            Object {
              "backgroundColor": "transparent",
              "color": "rgba(146, 146, 146, 1)",
              "fontSize": 10,
              "marginBottom": 1.5,
              "textAlign": "center",
            }
          }
        >
          Messages
        </Text>
      </View>
      <View
        accessibilityComponentType={undefined}
        accessibilityLabel={undefined}
        accessibilityTraits={undefined}
        accessible={true}
        collapsable={undefined}
        hitSlop={undefined}
        nativeID={undefined}
        onLayout={undefined}
        onResponderGrant={[Function]}
        onResponderMove={[Function]}
        onResponderRelease={[Function]}
        onResponderTerminate={[Function]}
        onResponderTerminationRequest={[Function]}
        onStartShouldSetResponder={[Function]}
        style={
          Object {
            "alignItems": "stretch",
            "backgroundColor": "rgba(0, 0, 0, 0)",
            "flex": 1,
            "justifyContent": "flex-end",
          }
        }
        testID={undefined}
      >
        <View
          style={
            Object {
              "flexGrow": 1,
            }
          }
        >
          <View
            collapsable={undefined}
            style={
              Object {
                "alignItems": "center",
                "bottom": 0,
                "justifyContent": "center",
                "left": 0,
                "opacity": 0,
                "position": "absolute",
                "right": 0,
                "top": 0,
              }
            }
          >
            <Text
              accessible={true}
              allowFontScaling={false}
              disabled={false}
              ellipsizeMode="tail"
              style={
                Array [
                  Object {
                    "color": "#e91e63",
                    "fontSize": 30,
                  },
                  undefined,
                  Object {
                    "fontFamily": "Ionicons",
                    "fontStyle": "normal",
                    "fontWeight": "normal",
                  },
                ]
              }
            >
              
            </Text>
          </View>
          <View
            collapsable={undefined}
            style={
              Object {
                "alignItems": "center",
                "bottom": 0,
                "justifyContent": "center",
                "left": 0,
                "opacity": 1,
                "position": "absolute",
                "right": 0,
                "top": 0,
              }
            }
          >
            <Text
              accessible={true}
              allowFontScaling={false}
              disabled={false}
              ellipsizeMode="tail"
              style={
                Array [
                  Object {
                    "color": "#929292",
                    "fontSize": 30,
                  },
                  undefined,
                  Object {
                    "fontFamily": "Ionicons",
                    "fontStyle": "normal",
                    "fontWeight": "normal",
                  },
                ]
              }
            >
              
            </Text>
          </View>
        </View>
        <Text
          accessible={true}
          allowFontScaling={true}
          collapsable={undefined}
          disabled={false}
          ellipsizeMode="tail"
          style={
            Object {
              "backgroundColor": "transparent",
              "color": "rgba(146, 146, 146, 1)",
              "fontSize": 10,
              "marginBottom": 1.5,
              "textAlign": "center",
            }
          }
        >
          Profile
        </Text>
      </View>
      <View
        accessibilityComponentType={undefined}
        accessibilityLabel={undefined}
        accessibilityTraits={undefined}
        accessible={true}
        collapsable={undefined}
        hitSlop={undefined}
        nativeID={undefined}
        onLayout={undefined}
        onResponderGrant={[Function]}
        onResponderMove={[Function]}
        onResponderRelease={[Function]}
        onResponderTerminate={[Function]}
        onResponderTerminationRequest={[Function]}
        onStartShouldSetResponder={[Function]}
        style={
          Object {
            "alignItems": "stretch",
            "backgroundColor": "rgba(0, 0, 0, 0)",
            "flex": 1,
            "justifyContent": "flex-end",
          }
        }
        testID={undefined}
      >
        <View
          style={
            Object {
              "flexGrow": 1,
            }
          }
        >
          <View
            collapsable={undefined}
            style={
              Object {
                "alignItems": "center",
                "bottom": 0,
                "justifyContent": "center",
                "left": 0,
                "opacity": 0,
                "position": "absolute",
                "right": 0,
                "top": 0,
              }
            }
          >
            <Text
              accessible={true}
              allowFontScaling={false}
              disabled={false}
              ellipsizeMode="tail"
              style={
                Array [
                  Object {
                    "color": "#e91e63",
                    "fontSize": 30,
                  },
                  undefined,
                  Object {
                    "fontFamily": "Ionicons",
                    "fontStyle": "normal",
                    "fontWeight": "normal",
                  },
                ]
              }
            >
              
            </Text>
          </View>
          <View
            collapsable={undefined}
            style={
              Object {
                "alignItems": "center",
                "bottom": 0,
                "justifyContent": "center",
                "left": 0,
                "opacity": 1,
                "position": "absolute",
                "right": 0,
                "top": 0,
              }
            }
          >
            <Text
              accessible={true}
              allowFontScaling={false}
              disabled={false}
              ellipsizeMode="tail"
              style={
                Array [
                  Object {
                    "color": "#929292",
                    "fontSize": 30,
                  },
                  undefined,
                  Object {
                    "fontFamily": "Ionicons",
                    "fontStyle": "normal",
                    "fontWeight": "normal",
                  },
                ]
              }
            >
              
            </Text>
          </View>
        </View>
        <Text
          accessible={true}
          allowFontScaling={true}
          collapsable={undefined}
          disabled={false}
          ellipsizeMode="tail"
          style={
            Object {
              "backgroundColor": "transparent",
              "color": "rgba(146, 146, 146, 1)",
              "fontSize": 10,
              "marginBottom": 1.5,
              "textAlign": "center",
            }
          }
        >
          Map
        </Text>
      </View>
    </View>
  </View>
</View>
`;
